2026-06-27 14:22:00,858 - INFO - [collecte_finance.py] - Démarrage du pipeline d'extraction : 2010-01-01 à 2026-06-27
2026-06-27 14:22:00,858 - INFO - [collecte_finance.py] - Requête API yfinance en cours pour le ticker : GOOGL
2026-06-27 14:22:03,985 - INFO - [collecte_finance.py] - Succès pour GOOGL : 4145 lignes extraites.
2026-06-27 14:22:03,985 - INFO - [collecte_finance.py] - Requête API yfinance en cours pour le ticker : AAPL
2026-06-27 14:22:05,031 - INFO - [collecte_finance.py] - Succès pour AAPL : 4145 lignes extraites.
2026-06-27 14:22:05,032 - INFO - [collecte_finance.py] - Requête API yfinance en cours pour le ticker : META
2026-06-27 14:22:05,884 - INFO - [collecte_finance.py] - Succès pour META : 3546 lignes extraites.
2026-06-27 14:22:05,884 - INFO - [collecte_finance.py] - Requête API yfinance en cours pour le ticker : AMZN
2026-06-27 14:22:06,945 - INFO - [collecte_finance.py] - Succès pour AMZN : 4145 lignes extraites.
2026-06-27 14:22:06,945 - INFO - [collecte_finance.py] - Requête API yfinance en cours pour le ticker : MSFT
2026-06-27 14:22:08,079 - INFO - [collecte_finance.py] - Succès pour MSFT : 4145 lignes extraites.
2026-06-27 14:22:08,079 - INFO - [collecte_finance.py] - Requête API yfinance en cours pour le ticker : TSLA
2026-06-27 14:22:08,854 - INFO - [collecte_finance.py] - Succès pour TSLA : 4023 lignes extraites.
2026-06-27 14:22:08,854 - INFO - [collecte_finance.py] - Requête API yfinance en cours pour le ticker : UNH
2026-06-27 14:22:09,727 - INFO - [collecte_finance.py] - Succès pour UNH : 4145 lignes extraites.
2026-06-27 14:22:09,727 - INFO - [collecte_finance.py] - Requête API yfinance en cours pour le ticker : BRK-B
2026-06-27 14:22:10,756 - INFO - [collecte_finance.py] - Succès pour BRK-B : 4145 lignes extraites.
2026-06-27 14:22:10,756 - INFO - [collecte_finance.py] - Requête API yfinance en cours pour le ticker : JPM
2026-06-27 14:22:11,693 - INFO - [collecte_finance.py] - Succès pour JPM : 4145 lignes extraites.
2026-06-27 14:22:11,694 - INFO - [collecte_finance.py] - Fusion des DataFrames en cours...
2026-06-27 14:22:12,180 - INFO - [collecte_finance.py] - Pipeline terminé avec succès. Fichier sauvegardé : dataset_finance_hybride_2010_2026.csv
